40 stations · 2026-03-23 to 2026-09-19

[1/40] 1235990 Kasetsart university laboratory school 1, Chatuchak, Bangkok: 4291 hours -> station-1235990.csv
[2/40] 1235996 Vieng Nua, Pai: 3504 hours -> station-1235996.csv
[3/40] 1235999 NARIT ASTROPARK (Parking): 4111 hours -> station-1235999.csv
[4/40] 1236013 Soemngamwitthayakhom School 2, Some-Ngam, Lampang: 3919 hours -> station-1236013.csv
[5/40] 1236024 สันโป่ง: 4274 hours -> station-1236024.csv
[6/40] 1236034 Watkhemapirataram school 1, Mueang, Nonthaburi: 4252 hours -> station-1236034.csv
[7/40] 1236035 Pathumthep witthayakarn school 1, Mueang, Nong Khai: 3660 hours -> station-1236035.csv
[8/40] 1236050 Prem Tinsulanonda International School 1: 4297 hours -> station-1236050.csv
[9/40] 1236053 Suwannaramwittayakom school 1, Bangkok Noi, Bangkok: 4303 hours -> station-1236053.csv
[10/40] 1236063 intERLab, Pathumthani, Thailand: 3880 hours -> station-1236063.csv
[11/40] 1641558 Prem Tinsulanonda International School 2: 4255 hours -> station-1641558.csv
[12/40] 1646752 ดาดฟ้า: 3965 hours -> station-1646752.csv
[13/40] 2124016 Wiang Nuea Beverly Hills Goat Farm: 4274 hours -> station-2124016.csv
[14/40] 2136949 Pai: Wednesday Market: 4302 hours -> station-2136949.csv
[15/40] 2142493 Wiang Nuea Beverly Hills Hua Chang Dam: 4256 hours -> station-2142493.csv
[16/40] 2142801 Wiang Nuea: Wat Phra Phutthabat: no readings in this window
[17/40] 2151718 Wiang Nuea Moat: 3872 hours -> station-2151718.csv
[18/40] 2158149 Pai: Dr. Neung Clinic near PTT gas station: 3128 hours -> station-2158149.csv
[19/40] 2165656 Mae Yen: Ing Doi Guesthouse: 3589 hours -> station-2165656.csv
[20/40] 2174592 Chiang moi: 4307 hours -> station-2174592.csv
[21/40] 2181641 ทองหล่อ 8: 4301 hours -> station-2181641.csv
[22/40] 2297552 Tha Pai Hot Springs: 2997 hours -> station-2297552.csv
[23/40] 2327978 Mae Hi: Pittalew Art Gallery: 3962 hours -> station-2327978.csv
[24/40] 2340282 Paina Paita Home (near Coffee In Love): 3248 hours -> station-2340282.csv
[25/40] 2375197 Mae Khong Border Patrol: 4289 hours -> station-2375197.csv
[26/40] 2384279 Mae Na Toeng School: 4282 hours -> station-2384279.csv
[27/40] 2384280 Wiang Nuea Moo 8 Mayor: 4306 hours -> station-2384280.csv
[28/40] 2393909 Pai: NT/TOT office near Pai Hospital: 3870 hours -> station-2393909.csv
[29/40] 2429963 Mae Ping Health Center: 4280 hours -> station-2429963.csv
[30/40] 2439091 Wiang Nuea: Mon Far Pai Cottages: 4263 hours -> station-2439091.csv
[31/40] 2439859 Wat Mo Paeng: 4267 hours -> station-2439859.csv
[32/40] 2457250 Muang Rae Police Box: 2274 hours -> station-2457250.csv
[33/40] 2510432 Pa Yang School: 4291 hours -> station-2510432.csv
[34/40] 2523394 Pai Immigration : 2868 hours -> station-2523394.csv
[35/40] 2575375 สันโป่ง: 4049 hours -> station-2575375.csv
[36/40] 2692433 Soi Rimthang Rotfai 3: 4302 hours -> station-2692433.csv
[37/40] 2692436 Soi Naradhiwas Rajanagarindra 17/1: 4228 hours -> station-2692436.csv
[38/40] 2692642 Suriya Thep Alley: 4268 hours -> station-2692642.csv
[39/40] 2692643 Tang Trong Chit Alley: 4072 hours -> station-2692643.csv
[40/40] 2692644 Kiak Kai Intersection: 4253 hours -> station-2692644.csv

155109 rows written, 0 stations skipped as already present
1 stations returned nothing: [2142801]
Those are pinned but silent. Decide whether to drop them from data/stations.json before training, and say which you dropped.
